// Jest Snapshot v1, https://goo.gl/fbAQLP

exports[`MultiCurveChart Component should deactivate a curve when clicking on a chip 1`] = `
[
  {
    "props": {
      "a": 1,
      "b": 0,
      "c": 0,
      "d": 1,
      "e": 0,
      "f": 0,
    },
    "transform": [
      1,
      0,
      0,
      1,
      0,
      0,
    ],
    "type": "setTransform",
  },
  {
    "props": {
      "value": "12px "Helvetica Neue", 'Helvetica', 'Arial', sans-serif",
    },
    "transform": [
      1,
      0,
      0,
      1,
      0,
      0,
    ],
    "type": "font",
  },
  {
    "props": {
      "value": "left",
    },
    "transform": [
      1,
      0,
      0,
      1,
      0,
      0,
    ],
    "type": "textAlign",
  },
  {
    "props": {
      "value": "middle",
    },
    "transform": [
      1,
      0,
      0,
      1,
      0,
      0,
    ],
    "type": "textBaseline",
  },
  {
    "props": {
      "text": "FIL",
    },
    "transform": [
      1,
      0,
      0,
      1,
      0,
      0,
    ],
    "type": "measureText",
  },
  {
    "props": {
      "text": "BTC",
    },
    "transform": [
      1,
      0,
      0,
      1,
      0,
      0,
    ],
    "type": "measureText",
  },
  {
    "props": {
      "value": "12px "Helvetica Neue", 'Helvetica', 'Arial', sans-serif",
    },
    "transform": [
      1,
      0,
      0,
      1,
      0,
      0,
    ],
    "type": "font",
  },
  {
    "props": {
      "text": "0%",
    },
    "transform": [
      1,
      0,
      0,
      1,
      0,
      0,
    ],
    "type": "measureText",
  },
  {
    "props": {
      "value": "12px "Helvetica Neue", 'Helvetica', 'Arial', sans-serif",
    },
    "transform": [
      1,
      0,
      0,
      1,
      0,
      0,
    ],
    "type": "font",
  },
  {
    "props": {
      "text": "2%",
    },
    "transform": [
      1,
      0,
      0,
      1,
      0,
      0,
    ],
    "type": "measureText",
  },
  {
    "props": {
      "value": "12px "Helvetica Neue", 'Helvetica', 'Arial', sans-serif",
    },
    "transform": [
      1,
      0,
      0,
      1,
      0,
      0,
    ],
    "type": "font",
  },
  {
    "props": {
      "value": "12px "Helvetica Neue", 'Helvetica', 'Arial', sans-serif",
    },
    "transform": [
      1,
      0,
      0,
      1,
      0,
      0,
    ],
    "type": "font",
  },
  {
    "props": {
      "value": "left",
    },
    "transform": [
      1,
      0,
      0,
      1,
      0,
      0,
    ],
    "type": "textAlign",
  },
  {
    "props": {
      "value": "middle",
    },
    "transform": [
      1,
      0,
      0,
      1,
      0,
      0,
    ],
    "type": "textBaseline",
  },
  {
    "props": {
      "text": "FIL",
    },
    "transform": [
      1,
      0,
      0,
      1,
      0,
      0,
    ],
    "type": "measureText",
  },
  {
    "props": {
      "text": "BTC",
    },
    "transform": [
      1,
      0,
      0,
      1,
      0,
      0,
    ],
    "type": "measureText",
  },
  {
    "props": {
      "value": "12px "Helvetica Neue", 'Helvetica', 'Arial', sans-serif",
    },
    "transform": [
      1,
      0,
      0,
      1,
      0,
      0,
    ],
    "type": "font",
  },
  {
    "props": {
      "text": "label1",
    },
    "transform": [
      1,
      0,
      0,
      1,
      0,
      0,
    ],
    "type": "measureText",
  },
  {
    "props": {
      "value": "12px "Helvetica Neue", 'Helvetica', 'Arial', sans-serif",
    },
    "transform": [
      1,
      0,
      0,
      1,
      0,
      0,
    ],
    "type": "font",
  },
  {
    "props": {
      "text": "label2",
    },
    "transform": [
      1,
      0,
      0,
      1,
      0,
      0,
    ],
    "type": "measureText",
  },
  {
    "props": {
      "value": "12px "Helvetica Neue", 'Helvetica', 'Arial', sans-serif",
    },
    "transform": [
      1,
      0,
      0,
      1,
      0,
      0,
    ],
    "type": "font",
  },
  {
    "props": {
      "text": "label3",
    },
    "transform": [
      1,
      0,
      0,
      1,
      0,
      0,
    ],
    "type": "measureText",
  },
  {
    "props": {
      "value": "12px "Helvetica Neue", 'Helvetica', 'Arial', sans-serif",
    },
    "transform": [
      1,
      0,
      0,
      1,
      0,
      0,
    ],
    "type": "font",
  },
  {
    "props": {
      "text": "label4",
    },
    "transform": [
      1,
      0,
      0,
      1,
      0,
      0,
    ],
    "type": "measureText",
  },
  {
    "props": {
      "value": "12px "Helvetica Neue", 'Helvetica', 'Arial', sans-serif",
    },
    "transform": [
      1,
      0,
      0,
      1,
      0,
      0,
    ],
    "type": "font",
  },
  {
    "props": {
      "text": "label5",
    },
    "transform": [
      1,
      0,
      0,
      1,
      0,
      0,
    ],
    "type": "measureText",
  },
  {
    "props": {
      "value": "12px "Helvetica Neue", 'Helvetica', 'Arial', sans-serif",
    },
    "transform": [
      1,
      0,
      0,
      1,
      0,
      0,
    ],
    "type": "font",
  },
  {
    "props": {
      "text": "label6",
    },
    "transform": [
      1,
      0,
      0,
      1,
      0,
      0,
    ],
    "type": "measureText",
  },
  {
    "props": {
      "value": "12px "Helvetica Neue", 'Helvetica', 'Arial', sans-serif",
    },
    "transform": [
      1,
      0,
      0,
      1,
      0,
      0,
    ],
    "type": "font",
  },
  {
    "props": {
      "text": "label7",
    },
    "transform": [
      1,
      0,
      0,
      1,
      0,
      0,
    ],
    "type": "measureText",
  },
  {
    "props": {
      "value": "12px "Helvetica Neue", 'Helvetica', 'Arial', sans-serif",
    },
    "transform": [
      1,
      0,
      0,
      1,
      0,
      0,
    ],
    "type": "font",
  },
  {
    "props": {
      "text": "label8",
    },
    "transform": [
      1,
      0,
      0,
      1,
      0,
      0,
    ],
    "type": "measureText",
  },
  {
    "props": {
      "value": "12px "Helvetica Neue", 'Helvetica', 'Arial', sans-serif",
    },
    "transform": [
      1,
      0,
      0,
      1,
      0,
      0,
    ],
    "type": "font",
  },
  {
    "props": {},
    "transform": [
      1,
      0,
      0,
      1,
      0,
      0,
    ],
    "type": "save",
  },
  {
    "props": {
      "a": 1,
      "b": 0,
      "c": 0,
      "d": 1,
      "e": 0,
      "f": 0,
    },
    "transform": [
      1,
      0,
      0,
      1,
      0,
      0,
    ],
    "type": "resetTransform",
  },
  {
    "props": {
      "height": 0,
      "width": 0,
      "x": 0,
      "y": 0,
    },
    "transform": [
      1,
      0,
      0,
      1,
      0,
      0,
    ],
    "type": "clearRect",
  },
  {
    "props": {},
    "transform": [
      1,
      0,
      0,
      1,
      0,
      0,
    ],
    "type": "restore",
  },
]
`;

exports[`MultiCurveChart Component should render a match the snapshot 1`] = `
[
  {
    "props": {
      "a": 1,
      "b": 0,
      "c": 0,
      "d": 1,
      "e": 0,
      "f": 0,
    },
    "transform": [
      1,
      0,
      0,
      1,
      0,
      0,
    ],
    "type": "setTransform",
  },
  {
    "props": {
      "value": "12px "Helvetica Neue", 'Helvetica', 'Arial', sans-serif",
    },
    "transform": [
      1,
      0,
      0,
      1,
      0,
      0,
    ],
    "type": "font",
  },
  {
    "props": {
      "value": "left",
    },
    "transform": [
      1,
      0,
      0,
      1,
      0,
      0,
    ],
    "type": "textAlign",
  },
  {
    "props": {
      "value": "middle",
    },
    "transform": [
      1,
      0,
      0,
      1,
      0,
      0,
    ],
    "type": "textBaseline",
  },
  {
    "props": {
      "text": "FIL",
    },
    "transform": [
      1,
      0,
      0,
      1,
      0,
      0,
    ],
    "type": "measureText",
  },
  {
    "props": {
      "text": "BTC",
    },
    "transform": [
      1,
      0,
      0,
      1,
      0,
      0,
    ],
    "type": "measureText",
  },
  {
    "props": {
      "value": "12px "Helvetica Neue", 'Helvetica', 'Arial', sans-serif",
    },
    "transform": [
      1,
      0,
      0,
      1,
      0,
      0,
    ],
    "type": "font",
  },
  {
    "props": {
      "text": "0%",
    },
    "transform": [
      1,
      0,
      0,
      1,
      0,
      0,
    ],
    "type": "measureText",
  },
  {
    "props": {
      "value": "12px "Helvetica Neue", 'Helvetica', 'Arial', sans-serif",
    },
    "transform": [
      1,
      0,
      0,
      1,
      0,
      0,
    ],
    "type": "font",
  },
  {
    "props": {
      "text": "2%",
    },
    "transform": [
      1,
      0,
      0,
      1,
      0,
      0,
    ],
    "type": "measureText",
  },
  {
    "props": {
      "value": "12px "Helvetica Neue", 'Helvetica', 'Arial', sans-serif",
    },
    "transform": [
      1,
      0,
      0,
      1,
      0,
      0,
    ],
    "type": "font",
  },
  {
    "props": {
      "value": "12px "Helvetica Neue", 'Helvetica', 'Arial', sans-serif",
    },
    "transform": [
      1,
      0,
      0,
      1,
      0,
      0,
    ],
    "type": "font",
  },
  {
    "props": {
      "value": "left",
    },
    "transform": [
      1,
      0,
      0,
      1,
      0,
      0,
    ],
    "type": "textAlign",
  },
  {
    "props": {
      "value": "middle",
    },
    "transform": [
      1,
      0,
      0,
      1,
      0,
      0,
    ],
    "type": "textBaseline",
  },
  {
    "props": {
      "text": "FIL",
    },
    "transform": [
      1,
      0,
      0,
      1,
      0,
      0,
    ],
    "type": "measureText",
  },
  {
    "props": {
      "text": "BTC",
    },
    "transform": [
      1,
      0,
      0,
      1,
      0,
      0,
    ],
    "type": "measureText",
  },
  {
    "props": {
      "value": "12px "Helvetica Neue", 'Helvetica', 'Arial', sans-serif",
    },
    "transform": [
      1,
      0,
      0,
      1,
      0,
      0,
    ],
    "type": "font",
  },
  {
    "props": {
      "text": "label1",
    },
    "transform": [
      1,
      0,
      0,
      1,
      0,
      0,
    ],
    "type": "measureText",
  },
  {
    "props": {
      "value": "12px "Helvetica Neue", 'Helvetica', 'Arial', sans-serif",
    },
    "transform": [
      1,
      0,
      0,
      1,
      0,
      0,
    ],
    "type": "font",
  },
  {
    "props": {
      "text": "label2",
    },
    "transform": [
      1,
      0,
      0,
      1,
      0,
      0,
    ],
    "type": "measureText",
  },
  {
    "props": {
      "value": "12px "Helvetica Neue", 'Helvetica', 'Arial', sans-serif",
    },
    "transform": [
      1,
      0,
      0,
      1,
      0,
      0,
    ],
    "type": "font",
  },
  {
    "props": {
      "text": "label3",
    },
    "transform": [
      1,
      0,
      0,
      1,
      0,
      0,
    ],
    "type": "measureText",
  },
  {
    "props": {
      "value": "12px "Helvetica Neue", 'Helvetica', 'Arial', sans-serif",
    },
    "transform": [
      1,
      0,
      0,
      1,
      0,
      0,
    ],
    "type": "font",
  },
  {
    "props": {
      "text": "label4",
    },
    "transform": [
      1,
      0,
      0,
      1,
      0,
      0,
    ],
    "type": "measureText",
  },
  {
    "props": {
      "value": "12px "Helvetica Neue", 'Helvetica', 'Arial', sans-serif",
    },
    "transform": [
      1,
      0,
      0,
      1,
      0,
      0,
    ],
    "type": "font",
  },
  {
    "props": {
      "text": "label5",
    },
    "transform": [
      1,
      0,
      0,
      1,
      0,
      0,
    ],
    "type": "measureText",
  },
  {
    "props": {
      "value": "12px "Helvetica Neue", 'Helvetica', 'Arial', sans-serif",
    },
    "transform": [
      1,
      0,
      0,
      1,
      0,
      0,
    ],
    "type": "font",
  },
  {
    "props": {
      "text": "label6",
    },
    "transform": [
      1,
      0,
      0,
      1,
      0,
      0,
    ],
    "type": "measureText",
  },
  {
    "props": {
      "value": "12px "Helvetica Neue", 'Helvetica', 'Arial', sans-serif",
    },
    "transform": [
      1,
      0,
      0,
      1,
      0,
      0,
    ],
    "type": "font",
  },
  {
    "props": {
      "text": "label7",
    },
    "transform": [
      1,
      0,
      0,
      1,
      0,
      0,
    ],
    "type": "measureText",
  },
  {
    "props": {
      "value": "12px "Helvetica Neue", 'Helvetica', 'Arial', sans-serif",
    },
    "transform": [
      1,
      0,
      0,
      1,
      0,
      0,
    ],
    "type": "font",
  },
  {
    "props": {
      "text": "label8",
    },
    "transform": [
      1,
      0,
      0,
      1,
      0,
      0,
    ],
    "type": "measureText",
  },
  {
    "props": {
      "value": "12px "Helvetica Neue", 'Helvetica', 'Arial', sans-serif",
    },
    "transform": [
      1,
      0,
      0,
      1,
      0,
      0,
    ],
    "type": "font",
  },
]
`;
