// Jest Snapshot v1, https://goo.gl/fbAQLP

exports[`CollateralTab Component should render CollateralTab 1`] = `
<body>
  <div>
    <div
      class="h-[410px] w-full"
    >
      <div
        class="flex h-full flex-row"
      >
        <div
          class="flex flex-col border-r border-white-10"
        >
          <div
            class="h-80 w-64 border-b border-white-10"
          >
            <div
              class="m-6 flex flex-col gap-1"
            >
              <span
                class="typography-body-2 h-6 w-fit text-slateGray"
              >
                Collateral Balance
              </span>
              <span
                class="typography-big-body-bold w-fit text-white"
              >
                $0.00
              </span>
            </div>
            <div
              class="typography-caption ml-5 mt-8 w-40 text-grayScale"
            >
              Connect your wallet to see your deposited collateral balance.
            </div>
          </div>
          <div
            class="flex h-full flex-1 flex-row items-center justify-center gap-4"
          >
            <button
              aria-label="Deposit"
              class="flex items-center justify-center rounded-xl bg-starBlue   undefined enabled:hover:bg-gradient-to-t enabled:hover:from-black-20 enabled:hover:via-black-20 enabled:hover:to-starBlue  disabled:bg-opacity-50 h-10 px-4 py-3 w-fit"
              data-testid="deposit-collateral"
              disabled=""
            >
              <p
                class="text-white typography-button-2"
              >
                Deposit
              </p>
            </button>
            <button
              aria-label="Withdraw"
              class="flex items-center justify-center rounded-xl bg-starBlue   undefined enabled:hover:bg-gradient-to-t enabled:hover:from-black-20 enabled:hover:via-black-20 enabled:hover:to-starBlue  disabled:bg-opacity-50 h-10 px-4 py-3 w-fit"
              data-testid="withdraw-collateral"
              disabled=""
            >
              <p
                class="text-white typography-button-2"
              >
                Withdraw
              </p>
            </button>
          </div>
        </div>
      </div>
      <div
        style="position: absolute; width: 1px; height: 1px; padding: 0px; margin: -1px; overflow: hidden; clip: rect(0px, 0px, 0px, 0px); white-space: nowrap; border-width: 0px; display: none;"
      />
      <div
        style="position: absolute; width: 1px; height: 1px; padding: 0px; margin: -1px; overflow: hidden; clip: rect(0px, 0px, 0px, 0px); white-space: nowrap; border-width: 0px; display: none;"
      />
    </div>
  </div>
  <div
    id="headlessui-portal-root"
  >
    <div
      data-headlessui-portal=""
    >
      <div />
    </div>
    <div
      data-headlessui-portal=""
    >
      <div />
    </div>
  </div>
</body>
`;
