// Jest Snapshot v1, https://goo.gl/fbAQLP

exports[`LineChart Component should render a LineChart 1`] = `
Array [
  Object {
    "props": Object {
      "a": 1,
      "b": 0,
      "c": 0,
      "d": 1,
      "e": 0,
      "f": 0,
    },
    "transform": Array [
      1,
      0,
      0,
      1,
      0,
      0,
    ],
    "type": "setTransform",
  },
  Object {
    "props": Object {
      "value": "12px \\"Helvetica Neue\\", 'Helvetica', 'Arial', sans-serif",
    },
    "transform": Array [
      1,
      0,
      0,
      1,
      0,
      0,
    ],
    "type": "font",
  },
  Object {
    "props": Object {
      "value": "left",
    },
    "transform": Array [
      1,
      0,
      0,
      1,
      0,
      0,
    ],
    "type": "textAlign",
  },
  Object {
    "props": Object {
      "value": "middle",
    },
    "transform": Array [
      1,
      0,
      0,
      1,
      0,
      0,
    ],
    "type": "textBaseline",
  },
  Object {
    "props": Object {
      "text": "Borrow",
    },
    "transform": Array [
      1,
      0,
      0,
      1,
      0,
      0,
    ],
    "type": "measureText",
  },
  Object {
    "props": Object {
      "value": "12px \\"Helvetica Neue\\", 'Helvetica', 'Arial', sans-serif",
    },
    "transform": Array [
      1,
      0,
      0,
      1,
      0,
      0,
    ],
    "type": "font",
  },
  Object {
    "props": Object {
      "text": "0",
    },
    "transform": Array [
      1,
      0,
      0,
      1,
      0,
      0,
    ],
    "type": "measureText",
  },
  Object {
    "props": Object {
      "value": "12px \\"Helvetica Neue\\", 'Helvetica', 'Arial', sans-serif",
    },
    "transform": Array [
      1,
      0,
      0,
      1,
      0,
      0,
    ],
    "type": "font",
  },
  Object {
    "props": Object {
      "text": "50",
    },
    "transform": Array [
      1,
      0,
      0,
      1,
      0,
      0,
    ],
    "type": "measureText",
  },
  Object {
    "props": Object {
      "value": "12px \\"Helvetica Neue\\", 'Helvetica', 'Arial', sans-serif",
    },
    "transform": Array [
      1,
      0,
      0,
      1,
      0,
      0,
    ],
    "type": "font",
  },
  Object {
    "props": Object {
      "value": "left",
    },
    "transform": Array [
      1,
      0,
      0,
      1,
      0,
      0,
    ],
    "type": "textAlign",
  },
  Object {
    "props": Object {
      "value": "middle",
    },
    "transform": Array [
      1,
      0,
      0,
      1,
      0,
      0,
    ],
    "type": "textBaseline",
  },
  Object {
    "props": Object {
      "text": "Borrow",
    },
    "transform": Array [
      1,
      0,
      0,
      1,
      0,
      0,
    ],
    "type": "measureText",
  },
  Object {
    "props": Object {
      "value": "12px \\"Helvetica Neue\\", 'Helvetica', 'Arial', sans-serif",
    },
    "transform": Array [
      1,
      0,
      0,
      1,
      0,
      0,
    ],
    "type": "font",
  },
  Object {
    "props": Object {
      "text": "SEP22",
    },
    "transform": Array [
      1,
      0,
      0,
      1,
      0,
      0,
    ],
    "type": "measureText",
  },
  Object {
    "props": Object {
      "value": "12px \\"Helvetica Neue\\", 'Helvetica', 'Arial', sans-serif",
    },
    "transform": Array [
      1,
      0,
      0,
      1,
      0,
      0,
    ],
    "type": "font",
  },
  Object {
    "props": Object {
      "text": "DEC22",
    },
    "transform": Array [
      1,
      0,
      0,
      1,
      0,
      0,
    ],
    "type": "measureText",
  },
  Object {
    "props": Object {
      "value": "12px \\"Helvetica Neue\\", 'Helvetica', 'Arial', sans-serif",
    },
    "transform": Array [
      1,
      0,
      0,
      1,
      0,
      0,
    ],
    "type": "font",
  },
  Object {
    "props": Object {
      "text": "MAR23",
    },
    "transform": Array [
      1,
      0,
      0,
      1,
      0,
      0,
    ],
    "type": "measureText",
  },
  Object {
    "props": Object {
      "value": "12px \\"Helvetica Neue\\", 'Helvetica', 'Arial', sans-serif",
    },
    "transform": Array [
      1,
      0,
      0,
      1,
      0,
      0,
    ],
    "type": "font",
  },
  Object {
    "props": Object {
      "text": "JUN23",
    },
    "transform": Array [
      1,
      0,
      0,
      1,
      0,
      0,
    ],
    "type": "measureText",
  },
  Object {
    "props": Object {
      "value": "12px \\"Helvetica Neue\\", 'Helvetica', 'Arial', sans-serif",
    },
    "transform": Array [
      1,
      0,
      0,
      1,
      0,
      0,
    ],
    "type": "font",
  },
  Object {
    "props": Object {
      "text": "SEP23",
    },
    "transform": Array [
      1,
      0,
      0,
      1,
      0,
      0,
    ],
    "type": "measureText",
  },
  Object {
    "props": Object {
      "value": "12px \\"Helvetica Neue\\", 'Helvetica', 'Arial', sans-serif",
    },
    "transform": Array [
      1,
      0,
      0,
      1,
      0,
      0,
    ],
    "type": "font",
  },
  Object {
    "props": Object {
      "text": "DEC23",
    },
    "transform": Array [
      1,
      0,
      0,
      1,
      0,
      0,
    ],
    "type": "measureText",
  },
  Object {
    "props": Object {
      "value": "12px \\"Helvetica Neue\\", 'Helvetica', 'Arial', sans-serif",
    },
    "transform": Array [
      1,
      0,
      0,
      1,
      0,
      0,
    ],
    "type": "font",
  },
  Object {
    "props": Object {
      "text": "MAR24",
    },
    "transform": Array [
      1,
      0,
      0,
      1,
      0,
      0,
    ],
    "type": "measureText",
  },
  Object {
    "props": Object {
      "value": "12px \\"Helvetica Neue\\", 'Helvetica', 'Arial', sans-serif",
    },
    "transform": Array [
      1,
      0,
      0,
      1,
      0,
      0,
    ],
    "type": "font",
  },
  Object {
    "props": Object {
      "text": "JUN24",
    },
    "transform": Array [
      1,
      0,
      0,
      1,
      0,
      0,
    ],
    "type": "measureText",
  },
  Object {
    "props": Object {
      "value": "12px \\"Helvetica Neue\\", 'Helvetica', 'Arial', sans-serif",
    },
    "transform": Array [
      1,
      0,
      0,
      1,
      0,
      0,
    ],
    "type": "font",
  },
]
`;
